
Sachin@DESKTOP-TP5OCS9 MINGW64 ~
$ pwd
/c/Users/Sachin

Sachin@DESKTOP-TP5OCS9 MINGW64 ~
$ cd D:

Sachin@DESKTOP-TP5OCS9 MINGW64 /d
$ cd git

Sachin@DESKTOP-TP5OCS9 MINGW64 /d/git
$ mkdir project_dir

Sachin@DESKTOP-TP5OCS9 MINGW64 /d/git
$ cd project_dir/

Sachin@DESKTOP-TP5OCS9 MINGW64 /d/git/project_dir
$ git init
Initialized empty Git repository in D:/git/project_dir/.git/

Sachin@DESKTOP-TP5OCS9 MINGW64 /d/git/project_dir (master)
$ git config --global user.name "Sachin-patra123"

Sachin@DESKTOP-TP5OCS9 MINGW64 /d/git/project_dir (master)
$ git config --global user.email "sachin.patra@capgemini.com"

Sachin@DESKTOP-TP5OCS9 MINGW64 /d/git/project_dir (master)
$ touch index.html

Sachin@DESKTOP-TP5OCS9 MINGW64 /d/git/project_dir (master)
$ git status
On branch master

No commits yet

Untracked files:
  (use "git add <file>..." to include in what will be committed)
        index.html

nothing added to commit but untracked files present (use "git add" to track)

Sachin@DESKTOP-TP5OCS9 MINGW64 /d/git/project_dir (master)
$ git add index.html

Sachin@DESKTOP-TP5OCS9 MINGW64 /d/git/project_dir (master)
$ git commit -m "Created index file"
[master (root-commit) 20ec3cf] Created index file
 1 file changed, 0 insertions(+), 0 deletions(-)
 create mode 100644 index.html

Sachin@DESKTOP-TP5OCS9 MINGW64 /d/git/project_dir (master)
$ git status
On branch master
nothing to commit, working tree clean

Sachin@DESKTOP-TP5OCS9 MINGW64 /d/git/project_dir (master)
$ touch info.txt

Sachin@DESKTOP-TP5OCS9 MINGW64 /d/git/project_dir (master)
$ git status
On branch master
Untracked files:
  (use "git add <file>..." to include in what will be committed)
        info.txt

nothing added to commit but untracked files present (use "git add" to track)

Sachin@DESKTOP-TP5OCS9 MINGW64 /d/git/project_dir (master)
$ touch .gitingore

Sachin@DESKTOP-TP5OCS9 MINGW64 /d/git/project_dir (master)
$ vi .gitingore

Sachin@DESKTOP-TP5OCS9 MINGW64 /d/git/project_dir (master)
$ git status
On branch master
Untracked files:
  (use "git add <file>..." to include in what will be committed)
        .gitingore
        info.txt

nothing added to commit but untracked files present (use "git add" to track)

Sachin@DESKTOP-TP5OCS9 MINGW64 /d/git/project_dir (master)
$ git config --global core.excludesfile ~/.gitignore

Sachin@DESKTOP-TP5OCS9 MINGW64 /d/git/project_dir (master)
$ git status
On branch master
Untracked files:
  (use "git add <file>..." to include in what will be committed)
        .gitingore
        info.txt

nothing added to commit but untracked files present (use "git add" to track)

Sachin@DESKTOP-TP5OCS9 MINGW64 /d/git/project_dir (master)
$ git log
commit 20ec3cf58c1d9f7119ab32dc53abe72bb8070439 (HEAD -> master)
Author: Sachin-patra123 <sachin.patra@capgemini.com>
Date:   Sun Apr 24 19:15:30 2022 +0530

    Created index file

Sachin@DESKTOP-TP5OCS9 MINGW64 /d/git/project_dir (master)
$ ls
index.html  info.txt

Sachin@DESKTOP-TP5OCS9 MINGW64 /d/git/project_dir (master)
$ vi index.html

Sachin@DESKTOP-TP5OCS9 MINGW64 /d/git/project_dir (master)
$ git status
On branch master
Changes not staged for commit:
  (use "git add <file>..." to update what will be committed)
  (use "git restore <file>..." to discard changes in working directory)
        modified:   index.html

Untracked files:
  (use "git add <file>..." to include in what will be committed)
        .gitingore
        info.txt

no changes added to commit (use "git add" and/or "git commit -a")

Sachin@DESKTOP-TP5OCS9 MINGW64 /d/git/project_dir (master)
$ git restore index.html

Sachin@DESKTOP-TP5OCS9 MINGW64 /d/git/project_dir (master)
$ git status
On branch master
Untracked files:
  (use "git add <file>..." to include in what will be committed)
        .gitingore
        info.txt

nothing added to commit but untracked files present (use "git add" to track)

Sachin@DESKTOP-TP5OCS9 MINGW64 /d/git/project_dir (master)
$ git config --global alias.my-add add

Sachin@DESKTOP-TP5OCS9 MINGW64 /d/git/project_dir (master)
$ git my-add
Nothing specified, nothing added.
hint: Maybe you wanted to say 'git add .'?
hint: Turn this message off by running
hint: "git config advice.addEmptyPathspec false"

Sachin@DESKTOP-TP5OCS9 MINGW64 /d/git/project_dir (master)
$ gs
On branch master
Changes to be committed:
  (use "git restore --staged <file>..." to unstage)
        new file:   .gitingore
        new file:   info.txt


Sachin@DESKTOP-TP5OCS9 MINGW64 /d/git/project_dir (master)
$ git commit -m "commit using my-add"
[master 548d56b] commit using my-add
 2 files changed, 1 insertion(+)
 create mode 100644 .gitingore
 create mode 100644 info.txt

Sachin@DESKTOP-TP5OCS9 MINGW64 /d/git/project_dir (master)
$ git status
On branch master
nothing to commit, working tree clean
--------------------------------------------------------------
---------------git branching-------------------------

Sachin@DESKTOP-TP5OCS9 MINGW64 ~
$ cd d:

Sachin@DESKTOP-TP5OCS9 MINGW64 /d
$ mkdir assignment

Sachin@DESKTOP-TP5OCS9 MINGW64 /d
$ cd assignment

Sachin@DESKTOP-TP5OCS9 MINGW64 /d/assignment
$ git init
Initialized empty Git repository in D:/assignment/.git/

Sachin@DESKTOP-TP5OCS9 MINGW64 /d/assignment (master)
$ git add .

Sachin@DESKTOP-TP5OCS9 MINGW64 /d/assignment (master)
$ git commit -m "add some content in README.txt"
On branch master

Initial commit

nothing to commit (create/copy files and use "git add" to track)

Sachin@DESKTOP-TP5OCS9 MINGW64 /d/assignment (master)
$ git status
On branch master

No commits yet

nothing to commit (create/copy files and use "git add" to track)

Sachin@DESKTOP-TP5OCS9 MINGW64 /d/assinment (master)
$ git branch html-assinments

Sachin@DESKTOP-TP5OCS9 MINGW64 /d/assinment (master)
$ git checkout html-assinments
Switched to branch 'html-assinments'

Sachin@DESKTOP-TP5OCS9 MINGW64 /d/assinment (html-assinments)
$ touch f1.txt

Sachin@DESKTOP-TP5OCS9 MINGW64 /d/assinment (html-assinments)
$ git status
On branch html-assinments
Untracked files:
  (use "git add <file>..." to include in what will be committed)
        f1.txt

nothing added to commit but untracked files present (use "git add" to track)

Sachin@DESKTOP-TP5OCS9 MINGW64 /d/assinment (html-assinments)
$ git add .

Sachin@DESKTOP-TP5OCS9 MINGW64 /d/assinment (html-assinments)
$ git commit -m "Add some content in f1.txt"
[html-assinments 7044e59] Add some content in f1.txt
 1 file changed, 0 insertions(+), 0 deletions(-)
 create mode 100644 f1.txt

Sachin@DESKTOP-TP5OCS9 MINGW64 /d/assinment (html-assinments)
$ git log
commit 7044e59938af50024ea8c11a8c1c1d5841f7ade1 (HEAD -> html-assinments)
Author: Sachin-patra123 <sachin.patra@capgemini.com>
Date:   Sun Apr 24 14:41:50 2022 +0530

    Add some content in f1.txt

commit 16efccfbe253a90cef3927bc5a23be9065c75f4e (master)
Author: Sachin-patra123 <sachin.patra@capgemini.com>
Date:   Sun Apr 24 19:15:30 2022 +0530

    Add some content in README.txt

Sachin@DESKTOP-TP5OCS9 MINGW64 /d/assinment (html-assinments)
$ git checkout master
error: Your local changes to the following files would be overwritten by checkout:
        f1.txt
Please commit your changes or stash them before you switch branches.
Aborting

Sachin@DESKTOP-TP5OCS9 MINGW64 /d/assinment (html-assinments)
$ git add .

Sachin@DESKTOP-TP5OCS9 MINGW64 /d/assinment (html-assinments)
$ git commit -m "Add some content in f1.txt"
[html-assinments a10ff06] Add some content in f1.txt
 1 file changed, 1 insertion(+)

Sachin@DESKTOP-TP5OCS9 MINGW64 /d/assinment (html-assinments)
$ git status
On branch html-assinments
nothing to commit, working tree clean

Sachin@DESKTOP-TP5OCS9 MINGW64 /d/assinment (html-assinments)
$ git checkout master
Switched to branch 'master'

Sachin@DESKTOP-TP5OCS9 MINGW64 /d/assinment (master)
$ git checkout html-assinments
Switched to branch 'html-assinments'

Sachin@DESKTOP-TP5OCS9 MINGW64 /d/assinment (html-assinments)
$ git merge master
Already up to date.

Sachin@DESKTOP-TP5OCS9 MINGW64 /d/assinment (html-assinments)
$ git log
commit a10ff064113badd1ae6abcf3fb16e2d0ac8ca1aa (HEAD -> html-assinments)
Author: Sachin-patra123 <sachin.patra@capgemini.com>
Date:   Sun Apr 24 14:43:31 2022 +0530

    Add some content in f1.txt

commit 7044e59938af50024ea8c11a8c1c1d5841f7ade1
Author: Sachin-patra123 <sachin.patra@capgemini.com>
Date:   Sun Apr 24 14:41:50 2022 +0530

    Add some content in f1.txt

commit 16efccfbe253a90cef3927bc5a23be9065c75f4e (master)
Author: Sachin-patra123 <sachin.patra@capgemini.com>
Date:   Sun Apr 24 19:15:30 2022 +0530

    Add some content in README.txt

Sachin@DESKTOP-TP5OCS9 MINGW64 /d/assinment (html-assinments)
$ git branch -d html-assinments
error: Cannot delete branch 'html-assinments' checked out at 'D:/assinment'

Sachin@DESKTOP-TP5OCS9 MINGW64 /d/assinment (html-assinments)
$ git checkout master
Switched to branch 'master'

Sachin@DESKTOP-TP5OCS9 MINGW64 /d/assinment (master)
$ git status
On branch master
nothing to commit, working tree clean

Sachin@DESKTOP-TP5OCS9 MINGW64 /d/assinment (master)
$ git log
commit 16efccfbe253a90cef3927bc5a23be9065c75f4e (HEAD -> master)
Author: Sachin-patra123 <sachin.patra@capgemini.com>
Date:   Sun Apr 24 19:15:30 2022 +0530

    Add some content in README.txt

Sachin@DESKTOP-TP5OCS9 MINGW64 /d/assinment (master)
$ git branch -d html-assinments
error: The branch 'html-assinments' is not fully merged.
If you are sure you want to delete it, run 'git branch -D html-assinments'.

Sachin@DESKTOP-TP5OCS9 MINGW64 /d/assinment (master)
$ git merge master
Already up to date.

Sachin@DESKTOP-TP5OCS9 MINGW64 /d/assinment (master)
$ git branch -D html-assinments
Deleted branch html-assinments (was a10ff06).
----------------------------------------------------------

----------------------git remoting----------------
Sachin@DESKTOP-TP5OCS9 MINGW64 /d/CG/test (master)
$ cd D:

Sachin@DESKTOP-TP5OCS9 MINGW64 /d
$ cd assinment

Sachin@DESKTOP-TP5OCS9 MINGW64 /d/assinment (master)
$ touch demo.txt

Sachin@DESKTOP-TP5OCS9 MINGW64 /d/assinment (master)
$ git init
Reinitialized existing Git repository in D:/assinment/.git/

Sachin@DESKTOP-TP5OCS9 MINGW64 /d/assinment (master)
$ git add .

Sachin@DESKTOP-TP5OCS9 MINGW64 /d/assinment (master)
$ git commit -m "Crete demo.txt"
[master 9a7d39e] Crete demo.txt
 1 file changed, 1 insertion(+)
 create mode 100644 demo.txt

Sachin@DESKTOP-TP5OCS9 MINGW64 /d/assinment (master)
$ git status
On branch master
nothing to commit, working tree clean

Sachin@DESKTOP-TP5OCS9 MINGW64 /d/assinment (master)
$ git log
commit 9a7d39ef858799468141cf689956dccded0dee48 (HEAD -> master)
Author: Sachin-patra123 <sachin.patra@capgemini.com>
Date:   Sun Apr 24 19:23:42 2022 +0530

    Crete demo.txt

commit 16efccfbe253a90cef3927bc5a23be9065c75f4e
Author: Sachin-patra123 <sachin.patra@capgemini.com>
Date:   Sun Apr 24 19:24:30 2022 +0530

    Add some content in README.txt

Sachin@DESKTOP-TP5OCS9 MINGW64 /d/assinment (master)
$ git commit -m e"Add content in demo.txt"
On branch master
nothing to commit, working tree clean

Sachin@DESKTOP-TP5OCS9 MINGW64 /d/assinment (master)
$ git config --global user.username Sachin-patra123

Sachin@DESKTOP-TP5OCS9 MINGW64 /d/assinment (master)
$ git remote add origin https://github.com/Sachin-patra123/git_assignment.git

Sachin@DESKTOP-TP5OCS9 MINGW64 /d/assinment (master)
$ git push origin master
Enumerating objects: 6, done.
Counting objects: 100% (6/6), done.
Delta compression using up to 4 threads
Compressing objects: 100% (3/3), done.
Writing objects: 100% (6/6), 504 bytes | 84.00 KiB/s, done.
Total 6 (delta 0), reused 0 (delta 0), pack-reused 0
To https://github.com/Sachin-patra123/git_assignment.git
 * [new branch]      master -> master
